// Vitest Snapshot v1, https://vitest.dev/guide/snapshot.html

exports[`PlayerHuman vs PlayerAi > Issue #3 1`] = `
[
  [
    " ",
    " ",
    " ",
    " ",
    " ",
    " ",
    " ",
  ],
  [
    " ",
    " ",
    " ",
    "🔴",
    " ",
    " ",
    " ",
  ],
  [
    " ",
    " ",
    " ",
    "🔴",
    " ",
    "🔴",
    " ",
  ],
  [
    " ",
    " ",
    " ",
    "🔵",
    "🔴",
    "🔵",
    "🔴",
  ],
  [
    " ",
    " ",
    " ",
    "🔴",
    "🔵",
    "🔵",
    "🔵",
  ],
  [
    " ",
    " ",
    " ",
    "🔴",
    "🔵",
    "🔵",
    "🔴",
  ],
]
`;

exports[`PlayerHuman vs PlayerAi > Issue #3 2`] = `
[
  [
    " ",
    " ",
    " ",
    " ",
    " ",
    " ",
    " ",
  ],
  [
    " ",
    " ",
    " ",
    "🔴",
    " ",
    " ",
    " ",
  ],
  [
    " ",
    " ",
    " ",
    "🔴",
    " ",
    "🔴",
    " ",
  ],
  [
    " ",
    " ",
    " ",
    "🔵",
    "🔴",
    "🔵",
    "🔴",
  ],
  [
    " ",
    " ",
    " ",
    "🔴",
    "🔵",
    "🔵",
    "🔵",
  ],
  [
    " ",
    " ",
    "🔵",
    "🔴",
    "🔵",
    "🔵",
    "🔴",
  ],
]
`;
