// Jest Snapshot v1, https://goo.gl/fbAQLP

exports[`PlayerHuman vs PlayerHuman Basic test 1`] = `
Array [
  Array [
    0,
    0,
    0,
    0,
    0,
    0,
    0,
  ],
  Array [
    0,
    0,
    0,
    0,
    0,
    0,
    0,
  ],
  Array [
    0,
    0,
    0,
    0,
    0,
    0,
    0,
  ],
  Array [
    0,
    0,
    0,
    0,
    0,
    0,
    0,
  ],
  Array [
    0,
    0,
    0,
    0,
    0,
    0,
    0,
  ],
  Array [
    0,
    0,
    0,
    0,
    0,
    0,
    0,
  ],
]
`;

exports[`PlayerHuman vs PlayerHuman Basic test 2`] = `
Array [
  Array [
    0,
    0,
    0,
    0,
    0,
    0,
    0,
  ],
  Array [
    0,
    0,
    0,
    0,
    0,
    0,
    0,
  ],
  Array [
    0,
    0,
    0,
    0,
    0,
    0,
    0,
  ],
  Array [
    0,
    0,
    0,
    0,
    0,
    0,
    0,
  ],
  Array [
    0,
    0,
    0,
    0,
    0,
    0,
    0,
  ],
  Array [
    0,
    0,
    0,
    1,
    0,
    0,
    0,
  ],
]
`;

exports[`PlayerHuman vs PlayerHuman Basic test 3`] = `
Array [
  Array [
    0,
    0,
    0,
    0,
    0,
    0,
    0,
  ],
  Array [
    0,
    0,
    0,
    0,
    0,
    0,
    0,
  ],
  Array [
    0,
    0,
    0,
    0,
    0,
    0,
    0,
  ],
  Array [
    0,
    0,
    0,
    0,
    0,
    0,
    0,
  ],
  Array [
    0,
    0,
    0,
    2,
    0,
    0,
    0,
  ],
  Array [
    0,
    0,
    0,
    1,
    0,
    0,
    0,
  ],
]
`;

exports[`PlayerHuman vs PlayerHuman Cannot move on a filled column 1`] = `
Array [
  Array [
    0,
    0,
    0,
    2,
    0,
    0,
    0,
  ],
  Array [
    0,
    0,
    0,
    1,
    0,
    0,
    0,
  ],
  Array [
    0,
    0,
    0,
    2,
    0,
    0,
    0,
  ],
  Array [
    0,
    0,
    0,
    1,
    0,
    0,
    0,
  ],
  Array [
    0,
    0,
    0,
    2,
    0,
    0,
    0,
  ],
  Array [
    0,
    0,
    0,
    1,
    0,
    0,
    0,
  ],
]
`;

exports[`PlayerHuman vs PlayerHuman Cannot move on a filled column 2`] = `
Array [
  Array [
    0,
    0,
    0,
    2,
    0,
    0,
    0,
  ],
  Array [
    0,
    0,
    0,
    1,
    0,
    0,
    0,
  ],
  Array [
    0,
    0,
    0,
    2,
    0,
    0,
    0,
  ],
  Array [
    0,
    0,
    0,
    1,
    0,
    0,
    0,
  ],
  Array [
    0,
    0,
    0,
    2,
    0,
    0,
    0,
  ],
  Array [
    0,
    0,
    0,
    1,
    0,
    0,
    0,
  ],
]
`;
